Starting KijaniKiosk IaC pipeline
Applying Terraform
[33m╷[0m[0m
[33m│[0m [0m[1m[33mWarning: [0m[0m[1mDeprecated Parameter[0m
[33m│[0m [0m
[33m│[0m [0m[0mThe parameter "endpoint" is deprecated. Use parameter "endpoints.s3"
[33m│[0m [0minstead.
[33m╵[0m[0m
[33m╷[0m[0m
[33m│[0m [0m[1m[33mWarning: [0m[0m[1mDeprecated Parameter[0m
[33m│[0m [0m
[33m│[0m [0m[0mThe parameter "force_path_style" is deprecated. Use parameter
[33m│[0m [0m"use_path_style" instead.
[33m╵[0m[0m
[0m[1mdata.external.logs_ip: Reading...[0m[0m
[0m[1mdata.external.payments_ip: Reading...[0m[0m
[0m[1mdata.external.api_ip: Reading...[0m[0m
[0m[1mdata.external.api_ip: Read complete after 1s [id=-][0m
[0m[1mdata.external.payments_ip: Read complete after 1s [id=-][0m
[0m[1mdata.external.logs_ip: Read complete after 1s [id=-][0m
[0m[1mmodule.app_servers["logs"].null_resource.server: Refreshing state... [id=7039971425116914756][0m
[0m[1mmodule.app_servers["api"].null_resource.server: Refreshing state... [id=3978296137703365762][0m
[0m[1mmodule.app_servers["payments"].null_resource.server: Refreshing state... [id=4711109728974780570][0m

[0m[1m[32mNo changes.[0m[1m Your infrastructure matches the configuration.[0m

[0mTerraform has compared your real infrastructure against your configuration
and found no differences, so no changes are needed.
[0m[1m[32m
Apply complete! Resources: 0 added, 0 changed, 0 destroyed.[0m
[0m[1m[32m
Outputs:

[0mapi_server_ip = "10.181.11.30"
logs_server_ip = "10.181.11.177"
payments_server_ip = "10.181.11.77"
ssh_commands = {
  "api" = "ssh ubuntu@10.181.11.30"
  "logs" = "ssh ubuntu@10.181.11.177"
  "payments" = "ssh ubuntu@10.181.11.77"
}
Collecting VM IPs
Generating inventory
Running Ansible

PLAY [Configure KijaniKiosk servers] *******************************************

TASK [Gathering Facts] *********************************************************
ok: [logs-staging]
ok: [api-staging]
ok: [payments-staging]

TASK [Update apt cache] ********************************************************
ok: [api-staging]
ok: [logs-staging]
ok: [payments-staging]

TASK [Install required packages] ***********************************************
ok: [logs-staging]
ok: [payments-staging]
ok: [api-staging]

TASK [Create kijanikiosk system group] *****************************************
ok: [logs-staging]
ok: [api-staging]
ok: [payments-staging]

TASK [Create service account] **************************************************
ok: [logs-staging] => (item=kk-api)
ok: [api-staging] => (item=kk-api)
ok: [payments-staging] => (item=kk-api)
ok: [logs-staging] => (item=kk-payments)
ok: [api-staging] => (item=kk-payments)
ok: [payments-staging] => (item=kk-payments)
ok: [logs-staging] => (item=kk-logs)
ok: [api-staging] => (item=kk-logs)
ok: [payments-staging] => (item=kk-logs)

TASK [Create application directory tree] ***************************************
ok: [logs-staging] => (item={'path': '/opt/kijanikiosk/api', 'owner': 'kk-api', 'group': 'kk-api', 'mode': '0750'})
ok: [payments-staging] => (item={'path': '/opt/kijanikiosk/api', 'owner': 'kk-api', 'group': 'kk-api', 'mode': '0750'})
ok: [api-staging] => (item={'path': '/opt/kijanikiosk/api', 'owner': 'kk-api', 'group': 'kk-api', 'mode': '0750'})
ok: [logs-staging] => (item={'path': '/opt/kijanikiosk/payments', 'owner': 'kk-payments', 'group': 'kk-payments', 'mode': '0750'})
ok: [api-staging] => (item={'path': '/opt/kijanikiosk/payments', 'owner': 'kk-payments', 'group': 'kk-payments', 'mode': '0750'})
ok: [payments-staging] => (item={'path': '/opt/kijanikiosk/payments', 'owner': 'kk-payments', 'group': 'kk-payments', 'mode': '0750'})
ok: [logs-staging] => (item={'path': '/opt/kijanikiosk/logs', 'owner': 'kk-logs', 'group': 'kk-logs', 'mode': '0750'})
ok: [api-staging] => (item={'path': '/opt/kijanikiosk/logs', 'owner': 'kk-logs', 'group': 'kk-logs', 'mode': '0750'})
ok: [payments-staging] => (item={'path': '/opt/kijanikiosk/logs', 'owner': 'kk-logs', 'group': 'kk-logs', 'mode': '0750'})
ok: [logs-staging] => (item={'path': '/opt/kijanikiosk/shared/logs', 'owner': 'kk-logs', 'group': 'kijanikiosk', 'mode': '2770'})
ok: [api-staging] => (item={'path': '/opt/kijanikiosk/shared/logs', 'owner': 'kk-logs', 'group': 'kijanikiosk', 'mode': '2770'})
ok: [payments-staging] => (item={'path': '/opt/kijanikiosk/shared/logs', 'owner': 'kk-logs', 'group': 'kijanikiosk', 'mode': '2770'})
ok: [logs-staging] => (item={'path': '/opt/kijanikiosk/config', 'owner': 'root', 'group': 'kijanikiosk', 'mode': '0750'})
ok: [api-staging] => (item={'path': '/opt/kijanikiosk/config', 'owner': 'root', 'group': 'kijanikiosk', 'mode': '0750'})
ok: [payments-staging] => (item={'path': '/opt/kijanikiosk/config', 'owner': 'root', 'group': 'kijanikiosk', 'mode': '0750'})
ok: [logs-staging] => (item={'path': '/opt/kijanikiosk/health', 'owner': 'root', 'group': 'kijanikiosk', 'mode': '0750'})
ok: [api-staging] => (item={'path': '/opt/kijanikiosk/health', 'owner': 'root', 'group': 'kijanikiosk', 'mode': '0750'})
ok: [payments-staging] => (item={'path': '/opt/kijanikiosk/health', 'owner': 'root', 'group': 'kijanikiosk', 'mode': '0750'})

TASK [Deploy payments environment file] ****************************************
ok: [logs-staging]
ok: [api-staging]
ok: [payments-staging]

TASK [Deploy systemd unit file] ************************************************
ok: [api-staging]
ok: [logs-staging]
ok: [payments-staging]

TASK [Enable and start service] ************************************************
ok: [logs-staging]
ok: [api-staging]
ok: [payments-staging]

TASK [Set ufw default deny incoming] *******************************************
ok: [logs-staging]
ok: [payments-staging]
ok: [api-staging]

TASK [Allow SSH] ***************************************************************
ok: [api-staging]
ok: [logs-staging]
ok: [payments-staging]

TASK [Allow service port on loopback only] *************************************
ok: [logs-staging]
ok: [payments-staging]
ok: [api-staging]

TASK [Create persistent journal directory] *************************************
ok: [logs-staging]
ok: [api-staging]
ok: [payments-staging]

TASK [Create journald configuration directory] *********************************
ok: [api-staging]
ok: [payments-staging]
ok: [logs-staging]

TASK [Deploy journald configuration] *******************************************
ok: [api-staging]
ok: [payments-staging]
ok: [logs-staging]

TASK [Deploy logrotate configuration] ******************************************
ok: [api-staging]
ok: [logs-staging]
ok: [payments-staging]

PLAY RECAP *********************************************************************
api-staging                : ok=16   changed=0    unreachable=0    failed=0    skipped=0    rescued=0    ignored=0   
logs-staging               : ok=16   changed=0    unreachable=0    failed=0    skipped=0    rescued=0    ignored=0   
payments-staging           : ok=16   changed=0    unreachable=0    failed=0    skipped=0    rescued=0    ignored=0   

Pipeline complete
